<html>
<body>
<pre>
<h1>µVision Build Log</h1>
<h2>Tool Versions:</h2>
IDE-Version: ¦ÌVision V5.25.2.0
Copyright (C) 2018 ARM Ltd and ARM Germany GmbH. All rights reserved.
License Information: kelland Administrator, hisern, LIC=----
 
Tool Versions:
Toolchain:       MDK-Lite  Version: 5.25.2.0
Toolchain Path:  E:\keil5\ARM\ARMCC\Bin
C Compiler:      Armcc.exe V5.06 update 6 (build 750)
Assembler:       Armasm.exe V5.06 update 6 (build 750)
Linker/Locator:  ArmLink.exe V5.06 update 6 (build 750)
Library Manager: ArmAr.exe V5.06 update 6 (build 750)
Hex Converter:   FromElf.exe V5.06 update 6 (build 750)
CPU DLL:         SARMCM3.DLL V5.25.2.0
Dialog DLL:      DCM.DLL V1.17.1.0
Target DLL:      CMSIS_AGDI.dll V1.29.10.0
Dialog DLL:      TCM.DLL V1.35.1.0
 
<h2>Project:</h2>
F:\main_board_bsp\u29_v2\project\template.uvprojx
Project File Date:  07/01/2025

<h2>Output:</h2>
*** Using Compiler 'V5.06 update 6 (build 750)', folder: 'E:\keil5\ARM\ARMCC\Bin'
Rebuild target 'Target 1'
assembling startup_gd32f1x0.s...
compiling gd32f1x0_can.c...
compiling system_gd32f1x0.c...
compiling gd32f1x0_adc.c...
compiling gd32f1x0_cec.c...
compiling gd32f1x0_cmp.c...
compiling gd32f1x0_crc.c...
compiling gd32f1x0_dbg.c...
compiling gd32f1x0_dac.c...
compiling gd32f1x0_dma.c...
compiling gd32f1x0_fwdgt.c...
compiling gd32f1x0_fmc.c...
compiling gd32f1x0_exti.c...
compiling gd32f1x0_ivref.c...
compiling gd32f1x0_gpio.c...
compiling gd32f1x0_i2c.c...
compiling gd32f1x0_opa.c...
compiling gd32f1x0_misc.c...
compiling gd32f1x0_pmu.c...
compiling gd32f1x0_slcd.c...
compiling gd32f1x0_rcu.c...
compiling gd32f1x0_rtc.c...
compiling gd32f1x0_syscfg.c...
compiling gd32f1x0_spi.c...
compiling gd32f1x0_tsi.c...
compiling gd32f1x0_timer.c...
compiling gd32f1x0_usart.c...
compiling main.c...
..\User\main.c(5): warning:  #1295-D: Deprecated declaration com_init0 - give arg types
  void com_init0();
..\User\main.c(6): warning:  #1295-D: Deprecated declaration adc_init - give arg types
  void adc_init();
..\User\main.c: 2 warnings, 0 errors
compiling gd32f1x0_wwdgt.c...
compiling systick.c...
compiling gd32f1x0_it.c...
compiling tool.c...
linking...
Program Size: Code=5312 RO-data=392 RW-data=12 ZI-data=1076  
FromELF: creating hex file...
".\Objects\template.axf" - 0 Error(s), 2 Warning(s).

<h2>Software Packages used:</h2>

Package Vendor: GigaDevice
                https://gd32mcu.com/data/documents/pack/GigaDevice.GD32F1x0_DFP.3.2.1.pack
                GigaDevice.GD32F1x0_DFP.3.2.1
                GigaDevice GD32F1x0 Series Device Support and Examples

<h2>Collection of Component include folders:</h2>
  .\RTE\_Target_1
  E:\keil5\ARM\PACK\GigaDevice\GD32F1x0_DFP\3.2.1\Device\Include

<h2>Collection of Component Files used:</h2>
Build Time Elapsed:  00:00:10
</pre>
</body>
</html>
